[13:16:17] [main/INFO]: Loading Minecraft 1.21.11 with Fabric Loader 0.18.2
[13:16:18] [main/INFO]: Loading 126 mods:
	- alternate-current 1.9.0
	- c2me 0.3.6+beta.1.0+1.21.11
	   |-- c2me-base 0.3.6+beta.1.0+1.21.11
	   |-- c2me-client-uncapvd 0.3.6+beta.1.0+1.21.11
	   |-- c2me-fixes-chunkio-threading-issues 0.3.6+beta.1.0+1.21.11
	   |-- c2me-fixes-general-threading-issues 0.3.6+beta.1.0+1.21.11
	   |-- c2me-fixes-worldgen-threading-issues 0.3.6+beta.1.0+1.21.11
	   |-- c2me-fixes-worldgen-vanilla-bugs 0.3.6+beta.1.0+1.21.11
	   |-- c2me-notickvd 0.3.6+beta.1.0+1.21.11
	   |-- c2me-opts-allocs 0.3.6+beta.1.0+1.21.11
	   |-- c2me-opts-chunkio 0.3.6+beta.1.0+1.21.11
	   |-- c2me-opts-dfc 0.3.6+beta.1.0+1.21.11
	   |-- c2me-opts-math 0.3.6+beta.1.0+1.21.11
	   |-- c2me-opts-scheduling 0.3.6+beta.1.0+1.21.11
	   |-- c2me-opts-worldgen-general 0.3.6+beta.1.0+1.21.11
	   |-- c2me-opts-worldgen-vanilla 0.3.6+beta.1.0+1.21.11
	   |-- c2me-rewrites-chunk-serializer 0.3.6+beta.1.0+1.21.11
	   |-- c2me-rewrites-chunk-system 0.3.6+beta.1.0+1.21.11
	   |-- c2me-rewrites-chunkio 0.3.6+beta.1.0+1.21.11
	   |-- c2me-server-utils 0.3.6+beta.1.0+1.21.11
	   |-- c2me-threading-lighting 0.3.6+beta.1.0+1.21.11
	   |-- com_electronwill_night-config_core 3.6.5
	   |-- com_electronwill_night-config_toml 3.6.5
	   |-- com_ibm_async_asyncutil 0.1.0
	   |-- io_reactivex_rxjava3_rxjava 3.1.12
	   |-- mixinsquared 0.2.0-beta.6
	   |-- net_objecthunter_exp4j 0.4.8
	   |-- org_jctools_jctools-core 4.0.5
	   \-- org_reactivestreams_reactive-streams 1.0.4
	- carpet 1.4.193+v251211
	- carpet-tis-addition 1.72.2
	   \-- conditional-mixin 0.6.4
	- cloth-config 21.11.151
	   \-- cloth-basic-math 0.6.1
	- collective 8.13
	- essential-addons 2.3.0+1.21.11
	   |-- arcade-commands 0.8.0-beta.1
	   |-- arcade-event-registry 0.8.0-beta.1
	   |-- arcade-events-server 0.8.0-beta.1
	   |-- arcade-extensions 0.8.0-beta.1
	   |-- arcade-utils 0.8.0-beta.1
	   \-- fabric-permissions-api-v0 0.6.1
	- fabric-api 0.139.5+1.21.11
	   |-- fabric-api-base 1.0.5+4ebb5c083e
	   |-- fabric-api-lookup-api-v1 1.6.113+1fb1cde93e
	   |-- fabric-biome-api-v1 17.1.1+4fc5413f3e
	   |-- fabric-block-api-v1 1.1.10+4ebb5c083e
	   |-- fabric-block-view-api-v2 1.0.39+4ebb5c083e
	   |-- fabric-command-api-v2 2.4.7+6b42a6003e
	   |-- fabric-content-registries-v0 10.2.14+4fc5413f3e
	   |-- fabric-convention-tags-v1 2.1.55+7f945d5b3e
	   |-- fabric-convention-tags-v2 2.17.3+8ef948ba3e
	   |-- fabric-crash-report-info-v1 0.3.23+4ebb5c083e
	   |-- fabric-data-attachment-api-v1 1.8.43+1fb1cde93e
	   |-- fabric-data-generation-api-v1 23.3.0+ae1056283e
	   |-- fabric-dimensions-v1 4.0.28+4fc5413f3e
	   |-- fabric-entity-events-v1 3.0.5+4ebb5c083e
	   |-- fabric-events-interaction-v0 4.0.44+1fb1cde93e
	   |-- fabric-game-rule-api-v1 2.0.3+4fc5413f3e
	   |-- fabric-item-api-v1 11.5.20+d0c46b9e3e
	   |-- fabric-item-group-api-v1 4.2.36+4fc5413f3e
	   |-- fabric-key-binding-api-v1 1.1.7+4fc5413f3e
	   |-- fabric-lifecycle-events-v1 2.6.15+4ebb5c083e
	   |-- fabric-loot-api-v2 3.0.73+3f89f5a53e
	   |-- fabric-loot-api-v3 2.0.20+78c8b4663e
	   |-- fabric-message-api-v1 6.1.12+4ebb5c083e
	   |-- fabric-networking-api-v1 5.1.5+ae1e07683e
	   |-- fabric-object-builder-api-v1 21.1.38+4fc5413f3e
	   |-- fabric-particles-v1 4.2.11+4fc5413f3e
	   |-- fabric-recipe-api-v1 8.2.3+4ebb5c083e
	   |-- fabric-registry-sync-v0 6.2.4+4ebb5c083e
	   |-- fabric-rendering-fluids-v1 3.1.43+4ebb5c083e
	   |-- fabric-rendering-v1 16.2.6+1fb1cde93e
	   |-- fabric-resource-conditions-api-v1 5.0.35+4fc5413f3e
	   |-- fabric-resource-loader-v0 3.3.4+4fc5413f3e
	   |-- fabric-resource-loader-v1 1.0.10+78c8b4663e
	   |-- fabric-screen-api-v1 3.1.7+4ebb5c083e
	   |-- fabric-screen-handler-api-v1 1.3.160+4fc5413f3e
	   |-- fabric-serialization-api-v1 1.0.5+4ebb5c083e
	   |-- fabric-sound-api-v1 1.0.51+4fc5413f3e
	   |-- fabric-tag-api-v1 1.2.20+4fc5413f3e
	   |-- fabric-transfer-api-v1 6.0.24+4fc5413f3e
	   \-- fabric-transitive-access-wideners-v1 7.0.8+0107c3da3e
	- fabric-language-kotlin 1.13.7+kotlin.2.2.21
	   |-- org_jetbrains_kotlin_kotlin-reflect 2.2.21
	   |-- org_jetbrains_kotlin_kotlin-stdlib 2.2.21
	   |-- org_jetbrains_kotlin_kotlin-stdlib-jdk7 2.2.21
	   |-- org_jetbrains_kotlin_kotlin-stdlib-jdk8 2.2.21
	   |-- org_jetbrains_kotlinx_atomicfu-jvm 0.29.0
	   |-- org_jetbrains_kotlinx_kotlinx-coroutines-core-jvm 1.10.2
	   |-- org_jetbrains_kotlinx_kotlinx-coroutines-jdk8 1.10.2
	   |-- org_jetbrains_kotlinx_kotlinx-datetime-jvm 0.7.1
	   |-- org_jetbrains_kotlinx_kotlinx-io-bytestring-jvm 0.8.0
	   |-- org_jetbrains_kotlinx_kotlinx-io-core-jvm 0.8.0
	   |-- org_jetbrains_kotlinx_kotlinx-serialization-cbor-jvm 1.9.0
	   |-- org_jetbrains_kotlinx_kotlinx-serialization-core-jvm 1.9.0
	   \-- org_jetbrains_kotlinx_kotlinx-serialization-json-jvm 1.9.0
	- fabricloader 0.18.2
	   \-- mixinextras 0.5.0
	- ferritecore 8.0.3
	- java 21
	- lithium 0.21.1+mc1.21.11
	- minecraft 1.21.11
	- scalablelux 0.1.6+fabric.c25518a
	- servercore 1.5.15+1.21.11
	   |-- org_yaml_snakeyaml 2.5
	   |-- placeholder-api 2.8.1+1.21.10
	   |-- space_arim_dazzleconf_dazzleconf-core 1.3.0-M2
	   \-- space_arim_dazzleconf_dazzleconf-ext-snakeyaml 1.3.0-M2
	- skinshuffle 2.10.1
	   |-- com_drewnoakes_metadata-extractor 2.19.0
	   |-- com_konghq_unirest-java_standalone 3.11.9
	   |-- commons-validator_commons-validator 1.7
	   |-- org_jsoup_jsoup 1.16.1
	   |-- spruceui 9.1.0+1.21.11
	   |-- yet_another_config_lib_v3 3.8.1+1.21.11-fabric
	   |    |-- com_twelvemonkeys_common_common-image 3.12.0
	   |    |-- com_twelvemonkeys_common_common-io 3.12.0
	   |    |-- com_twelvemonkeys_common_common-lang 3.12.0
	   |    |-- com_twelvemonkeys_imageio_imageio-core 3.12.0
	   |    |-- com_twelvemonkeys_imageio_imageio-metadata 3.12.0
	   |    |-- com_twelvemonkeys_imageio_imageio-webp 3.12.0
	   |    |-- org_quiltmc_parsers_gson 0.2.1
	   |    \-- org_quiltmc_parsers_json 0.2.1
	   \-- yumi_mc_core 1.0.0-beta.1+1.21.11
	        |-- yumi_commons_collections 1.0.0
	        |-- yumi_commons_core 1.0.0
	        \-- yumi_commons_event 1.0.0
	- spark 1.10.156
	   \-- fabric-permissions-api-v0 0.6.1
	- syncmatica 0.3.15
	   \-- fabric-permissions-api-v0 0.6.1
	- voicechat 1.21.11-2.6.7
	   |-- fabric-key-binding-api-v1 1.1.7+4fc5413f53
	   |-- fabric-rendering-v1 16.2.5+1fb1cde953
	   \-- voicechat_api 2.6.0
[13:16:18] [main/INFO]: SpongePowered MIXIN Subsystem Version=0.8.7 Source=file:/workspaces/TechSurvival-RESPALDO/servidor_minecraft/libraries/net/fabricmc/sponge-mixin/0.16.5+mixin.0.8.7/sponge-mixin-0.16.5+mixin.0.8.7.jar Service=Knot/Fabric Env=SERVER
[13:16:18] [main/INFO]: Compatibility level set to JAVA_16
[13:16:18] [main/INFO]: Compatibility level set to JAVA_17
[13:16:18] [main/INFO]: Compatibility level set to JAVA_21
[13:16:18] [main/INFO]: Initializing com.ishland.c2me.base.mixin
[13:16:18] [main/INFO]: Global Executor Parallelism: 1 configured, 1 evaluated, 1 default evaluated
[13:16:18] [main/INFO]: Initializing com.ishland.c2me.fixes.chunkio.threading_issues.mixin
[13:16:18] [main/INFO]: Initializing com.ishland.c2me.fixes.general.threading_issues.mixin
[13:16:18] [main/INFO]: Initializing com.ishland.c2me.fixes.worldgen.threading_issues.mixin
[13:16:18] [main/INFO]: Initializing com.ishland.c2me.fixes.worldgen.vanilla_bugs.mixin
[13:16:18] [main/INFO]: Initializing com.ishland.c2me.notickvd.mixin
[13:16:18] [main/INFO]: Initializing com.ishland.c2me.opts.allocs.mixin
[13:16:18] [main/INFO]: Initializing com.ishland.c2me.opts.chunkio.mixin
[13:16:18] [main/INFO]: Initializing com.ishland.c2me.opts.dfc.mixin
[13:16:18] [main/INFO]: Initializing com.ishland.c2me.opts.math.mixin
[13:16:18] [main/INFO]: Initializing com.ishland.c2me.opts.scheduling.mixin
[13:16:18] [main/INFO]: Initializing com.ishland.c2me.opts.worldgen.general.mixin
[13:16:18] [main/INFO]: Initializing com.ishland.c2me.opts.worldgen.vanilla.mixin
[13:16:18] [main/INFO]: Initializing com.ishland.c2me.rewrites.chunk_serializer.mixin
[13:16:18] [main/INFO]: Disabling com.ishland.c2me.rewrites.chunk_serializer.mixin
[13:16:18] [main/INFO]: Initializing com.ishland.c2me.rewrites.chunksystem.mixin
[13:16:18] [main/INFO]: Initializing com.ishland.c2me.rewrites.chunkio.mixin
[13:16:18] [main/INFO]: Initializing com.ishland.c2me.server.utils.mixin
[13:16:18] [main/INFO]: Initializing com.ishland.c2me.threading.lighting.mixin
[13:16:19] [main/INFO]: Loaded configuration file for Lithium: 164 options available, 0 override(s) found.
[13:16:19] [main/WARN]: Reference map 'yet_another_config_lib_v3.refmap.json' for yacl.mixins.json could not be read. If this is a development environment you can ignore this message
[13:16:19] [main/WARN]: Reference map 'yet_another_config_lib_v3.refmap.json' for yacl-fabric.mixins.json could not be read. If this is a development environment you can ignore this message
[13:16:19] [main/WARN]: Error loading class: eu/pb4/polymer/common/impl/entity/InternalEntityHelpers (java.lang.ClassNotFoundException: eu/pb4/polymer/common/impl/entity/InternalEntityHelpers)
[13:16:19] [main/WARN]: @Mixin target eu.pb4.polymer.common.impl.entity.InternalEntityHelpers was not found arcade-extensions.mixins.json:compat.InternalEntityHelpersMixin from mod arcade-extensions
[13:16:21] [main/INFO]: Initializing MixinExtras via com.llamalad7.mixinextras.service.MixinExtrasServiceImpl(version=0.5.0).
[13:16:33] [main/INFO]: Loading Collective version 8.13.
[13:16:33] [TISCM Mapping/INFO]: Yarn mapping file yarn-1.21.11+build.3-v2.tiny loaded
[13:16:34] [main/INFO]: [ServerCore] Loaded V1.5.15+1.21.11!
[13:16:34] [main/INFO]: [voicechat] Compatibility version 20
[13:16:34] [main/INFO]: [voicechat] Loading plugins
[13:16:34] [main/INFO]: [voicechat] Loaded 0 plugin(s)
[13:16:34] [main/INFO]: [voicechat] Initializing plugins
[13:16:34] [main/INFO]: [voicechat] Initialized 0 plugin(s)
[13:16:35] [main/INFO]: Initializing mods (entrypoint yumi:init)...
[13:16:35] [main/INFO]: Environment: Environment[sessionHost=https://sessionserver.mojang.com, servicesHost=https://api.minecraftservices.com, profilesHost=https://api.mojang.com, name=PROD]
[13:16:39] [main/INFO]: Loaded 1470 recipes
[13:16:39] [main/INFO]: Loaded 1584 advancements
[13:16:40] [main/INFO]: Applied 0 biome modifications to 0 of 65 new biomes in 1.754 ms
[13:16:40] [Server thread/INFO]: Starting background profiler...
[13:16:41] [Server thread/INFO]: Starting minecraft server version 1.21.11
[13:16:41] [Server thread/INFO]: Loading properties
[13:16:41] [Server thread/INFO]: Default game type: SURVIVAL
[13:16:41] [Server thread/INFO]: Generating keypair
[13:16:41] [Server thread/INFO]: Starting Minecraft server on *:25565
[13:16:41] [Server thread/INFO]: Preparing level "world"
[13:16:41] [Server thread/INFO]: [CM] Loaded 5 settings from carpet.conf
[13:16:41] [Server thread/INFO]: Enforcing safe world random access
[13:16:42] [Server thread/INFO]: [STDOUT]: Density function compilation finished in 781.7 ms
[13:16:43] [Server thread/INFO]: Using TheSpeedyObjectFactory with Unsafe
[13:16:43] [Server thread/INFO]: [STDOUT]: Density function compilation finished in 9.676 ms
[13:16:43] [Server thread/INFO]: [STDOUT]: Density function compilation finished in 13.30 ms
[13:16:43] [Server thread/INFO]: Loading 0 persistent chunks...
[13:16:43] [Server thread/INFO]: Preparing spawn area: 100%
[13:16:43] [Server thread/INFO]: Time elapsed: 143 ms
[13:16:43] [Server thread/INFO]: Done (2.499s)! For help, type "help"
[13:16:43] [VoiceChatServerThread/ERROR]: [voicechat] Failed to bind to address '100.87.141.57', binding to wildcard IP instead
[13:16:43] [VoiceChatServerThread/INFO]: [voicechat] Voice chat server started at 100.87.141.57:24454
[13:16:44] [Server thread/INFO]: [STDOUT]: [ScalableLux] Lighting scaling is enabled in externally managed mode
[13:17:43] [Server thread/INFO]: Server empty for 60 seconds, pausing
[13:18:00] [User Authenticator #1/INFO]: UUID of player MrGameBlaze is 4950d1b2-5e80-48c1-b0dc-31cf45be680b
[13:18:04] [Server thread/INFO]: MrGameBlaze[/127.129.209.248:44559] logged in with entity id 59 at (68.5478907264509, 11.0, 324.34727257527265)
[13:18:04] [Server thread/INFO]: [voicechat] Using Fabric Permissions API
[13:18:04] [Server thread/INFO]: MrGameBlaze joined the game
[13:18:05] [Server thread/INFO]: [voicechat] Received secret request of MrGameBlaze (20)
[13:18:05] [Server thread/INFO]: [voicechat] Sent secret to MrGameBlaze
[13:18:05] [Server thread/WARN]: Player MrGameBlaze joined with another carpet version: 1.4.194+v251223
[13:18:06] [Server thread/INFO]: Syncmatica client joining with local version 0.3.15 and client version 0.3.15
[13:18:07] [Server thread/WARN]: Can't keep up! Is the server overloaded? Running 2011ms or 40 ticks behind
[13:56:26] [Server thread/WARN]: MrGameBlaze moved wrongly!
[13:56:32] [Server thread/WARN]: MrGameBlaze moved wrongly!
[13:58:17] [Server thread/WARN]: MrGameBlaze moved wrongly!
[13:58:23] [Server thread/WARN]: MrGameBlaze moved wrongly!
[13:58:30] [Server thread/WARN]: MrGameBlaze moved wrongly!
[13:58:36] [Server thread/WARN]: MrGameBlaze moved wrongly!
[13:58:42] [Server thread/WARN]: MrGameBlaze moved wrongly!
[13:58:49] [Server thread/WARN]: MrGameBlaze moved wrongly!
[13:58:55] [Server thread/WARN]: MrGameBlaze moved wrongly!
[13:59:01] [Server thread/WARN]: MrGameBlaze moved wrongly!
[13:59:08] [Server thread/WARN]: MrGameBlaze moved wrongly!
[13:59:13] [Server thread/WARN]: MrGameBlaze moved wrongly!
[13:59:27] [Server thread/INFO]: Unknown or incomplete command. See below for error
[13:59:27] [Server thread/INFO]: <--[HERE]
[14:00:47] [Server thread/WARN]: MrGameBlaze moved wrongly!
[14:00:53] [Server thread/WARN]: MrGameBlaze moved wrongly!
[14:00:59] [Server thread/WARN]: MrGameBlaze moved wrongly!
[14:01:05] [Server thread/WARN]: MrGameBlaze moved wrongly!
[14:01:12] [Server thread/WARN]: MrGameBlaze moved wrongly!
[14:01:43] [Server thread/WARN]: MrGameBlaze moved wrongly!
[14:01:49] [Server thread/WARN]: MrGameBlaze moved wrongly!
[14:01:56] [Server thread/WARN]: MrGameBlaze moved wrongly!
[14:02:12] [Server thread/WARN]: MrGameBlaze moved wrongly!
[14:02:19] [Server thread/WARN]: MrGameBlaze moved wrongly!
[14:02:26] [Server thread/WARN]: MrGameBlaze moved wrongly!
[14:02:33] [Server thread/WARN]: MrGameBlaze moved wrongly!
[14:02:39] [Server thread/WARN]: MrGameBlaze moved wrongly!
[14:02:45] [Server thread/WARN]: MrGameBlaze moved wrongly!
[14:02:51] [Server thread/WARN]: MrGameBlaze moved wrongly!
[14:02:58] [Server thread/WARN]: MrGameBlaze moved wrongly!
[14:03:04] [Server thread/WARN]: MrGameBlaze moved wrongly!
[14:03:10] [Server thread/WARN]: MrGameBlaze moved wrongly!
[14:03:21] [Server thread/WARN]: MrGameBlaze moved wrongly!
[14:03:27] [Server thread/WARN]: MrGameBlaze moved wrongly!
[14:03:36] [Server thread/WARN]: MrGameBlaze moved wrongly!
[14:03:42] [Server thread/WARN]: MrGameBlaze moved wrongly!
[14:03:47] [Server thread/WARN]: MrGameBlaze moved wrongly!
[14:03:53] [Server thread/WARN]: MrGameBlaze moved wrongly!
[14:03:59] [Server thread/WARN]: MrGameBlaze moved wrongly!
[14:04:07] [Server thread/WARN]: MrGameBlaze moved wrongly!
[14:04:13] [Server thread/WARN]: MrGameBlaze moved wrongly!
[14:04:18] [Server thread/WARN]: MrGameBlaze moved wrongly!
[14:04:25] [Server thread/WARN]: MrGameBlaze moved wrongly!
[14:04:31] [Server thread/WARN]: MrGameBlaze moved wrongly!
[14:04:36] [Server thread/WARN]: MrGameBlaze moved wrongly!
[14:04:59] [Server thread/WARN]: MrGameBlaze moved wrongly!
[14:05:16] [Server thread/WARN]: MrGameBlaze moved wrongly!
[14:05:55] [Server thread/WARN]: MrGameBlaze moved wrongly!
[14:06:54] [Server thread/WARN]: MrGameBlaze moved wrongly!
[14:22:06] [Server thread/WARN]: MrGameBlaze moved wrongly!
[14:22:20] [Server thread/WARN]: Can't keep up! Is the server overloaded? Running 14486ms or 289 ticks behind
[14:22:30] [Server thread/WARN]: MrGameBlaze moved wrongly!
[14:22:36] [Server thread/WARN]: MrGameBlaze moved wrongly!
[14:22:43] [Server thread/WARN]: MrGameBlaze moved wrongly!
[14:22:50] [Server thread/WARN]: MrGameBlaze moved wrongly!
[14:22:56] [Server thread/WARN]: MrGameBlaze moved wrongly!
[14:23:02] [Server thread/WARN]: MrGameBlaze moved wrongly!
[14:23:08] [Server thread/WARN]: MrGameBlaze moved wrongly!
[14:23:15] [Server thread/WARN]: MrGameBlaze moved wrongly!
[14:23:30] [Server thread/WARN]: MrGameBlaze moved wrongly!
[14:23:36] [Server thread/WARN]: MrGameBlaze moved wrongly!
[14:23:42] [Server thread/WARN]: MrGameBlaze moved wrongly!
[14:23:47] [Server thread/WARN]: MrGameBlaze moved wrongly!
[14:23:56] [Server thread/WARN]: MrGameBlaze moved wrongly!
[14:24:02] [Server thread/WARN]: MrGameBlaze moved wrongly!
[14:24:08] [Server thread/WARN]: MrGameBlaze moved wrongly!
[14:24:14] [Server thread/WARN]: MrGameBlaze moved wrongly!
[14:24:20] [Server thread/WARN]: MrGameBlaze moved wrongly!
[14:24:26] [Server thread/WARN]: MrGameBlaze moved wrongly!
[14:24:33] [Server thread/WARN]: MrGameBlaze moved wrongly!
[14:24:40] [Server thread/WARN]: MrGameBlaze moved wrongly!
[14:24:46] [Server thread/WARN]: MrGameBlaze moved wrongly!
[14:24:52] [Server thread/WARN]: MrGameBlaze moved wrongly!
[14:24:58] [Server thread/WARN]: MrGameBlaze moved wrongly!
[14:25:04] [Server thread/WARN]: MrGameBlaze moved wrongly!
[14:25:10] [Server thread/WARN]: MrGameBlaze moved wrongly!
[14:25:16] [Server thread/WARN]: MrGameBlaze moved wrongly!
[14:25:22] [Server thread/WARN]: MrGameBlaze moved wrongly!
[14:25:28] [Server thread/WARN]: MrGameBlaze moved wrongly!
[14:25:34] [Server thread/WARN]: MrGameBlaze moved wrongly!
[14:25:39] [Server thread/WARN]: MrGameBlaze moved wrongly!
[14:25:45] [Server thread/WARN]: MrGameBlaze moved wrongly!
[14:26:06] [Server thread/WARN]: MrGameBlaze moved wrongly!
[14:26:14] [Server thread/WARN]: MrGameBlaze moved wrongly!
[14:26:24] [Server thread/WARN]: MrGameBlaze moved wrongly!
[14:26:30] [Server thread/WARN]: MrGameBlaze moved wrongly!
[14:26:39] [Server thread/WARN]: MrGameBlaze moved wrongly!
[14:26:48] [Server thread/WARN]: MrGameBlaze moved wrongly!
[14:27:15] [Server thread/WARN]: MrGameBlaze moved wrongly!
[14:27:30] [Server thread/WARN]: MrGameBlaze moved wrongly!
[14:31:02] [Server thread/INFO]: [MrGameBlaze: MrGameBlaze subscribed to tps.]
[14:31:07] [Server thread/INFO]: [MrGameBlaze: MrGameBlaze subscribed to mobcaps.]
[15:03:21] [Server thread/WARN]: Rejecting UseItemOnPacket from MrGameBlaze: Location (45.0, 14.421238034963608, 399.0265500601381) too far away from hit block class_2338{x=32, y=14, z=399}.
[15:03:23] [Server thread/WARN]: Rejecting UseItemOnPacket from MrGameBlaze: Location (45.0, 14.412621259689331, 399.02655003778636) too far away from hit block class_2338{x=32, y=14, z=399}.
[15:03:27] [Server thread/WARN]: Rejecting UseItemOnPacket from MrGameBlaze: Location (44.95985221862793, 14.267195582389832, 399.0) too far away from hit block class_2338{x=32, y=14, z=399}.
[15:17:45] [Server thread/INFO]: [MrGameBlaze: Killed 118 entities]
[15:32:46] [Server thread/WARN]: MrGameBlaze moved wrongly!
[15:32:52] [Server thread/WARN]: MrGameBlaze moved wrongly!
[15:32:58] [Server thread/WARN]: MrGameBlaze moved wrongly!
[15:33:05] [Server thread/WARN]: MrGameBlaze moved wrongly!
[15:33:11] [Server thread/WARN]: MrGameBlaze moved wrongly!
[15:33:16] [Server thread/WARN]: MrGameBlaze moved wrongly!
[15:33:22] [Server thread/WARN]: MrGameBlaze moved wrongly!
[15:33:29] [Server thread/WARN]: MrGameBlaze moved wrongly!
[15:33:35] [Server thread/WARN]: MrGameBlaze moved wrongly!
[15:33:43] [Server thread/WARN]: MrGameBlaze moved wrongly!
[15:33:49] [Server thread/WARN]: MrGameBlaze moved wrongly!
[15:33:55] [Server thread/WARN]: MrGameBlaze moved wrongly!
[15:34:01] [Server thread/WARN]: MrGameBlaze moved wrongly!
[15:34:07] [Server thread/WARN]: MrGameBlaze moved wrongly!
[15:34:14] [Server thread/WARN]: MrGameBlaze moved wrongly!
[15:34:21] [Server thread/WARN]: MrGameBlaze moved wrongly!
[15:34:27] [Server thread/WARN]: MrGameBlaze moved wrongly!
[15:34:33] [Server thread/WARN]: MrGameBlaze moved wrongly!
[15:34:39] [Server thread/WARN]: MrGameBlaze moved wrongly!
[15:42:05] [Server thread/WARN]: Can't keep up! Is the server overloaded? Running 2378ms or 47 ticks behind
[15:42:16] [Server thread/WARN]: MrGameBlaze moved too quickly! -16.09816478484032,4.675149711474219,5.557779346645475
[15:55:46] [Server thread/WARN]: Can't keep up! Is the server overloaded? Running 2183ms or 43 ticks behind
[15:57:29] [Server thread/INFO]: [MrGameBlaze: Killed 109 entities]
[16:11:50] [Server thread/WARN]: Can't keep up! Is the server overloaded? Running 2842ms or 56 ticks behind
[16:14:15] [Server thread/INFO]: [MrGameBlaze: Killed 38 entities]
[16:19:47] [Server thread/INFO]: [MrGameBlaze: Killed 310 entities]
[16:21:00] [Server thread/INFO]: [MrGameBlaze: Killed 35 entities]
[17:24:24] [Server thread/INFO]: MrGameBlaze lost connection: Disconnected
[17:24:24] [Server thread/INFO]: MrGameBlaze left the game
[17:24:24] [Server thread/INFO]: [voicechat] Disconnecting client MrGameBlaze
[17:25:24] [Server thread/INFO]: Server empty for 60 seconds, pausing
[17:33:28] [User Authenticator #2/INFO]: UUID of player MrGameBlaze is 4950d1b2-5e80-48c1-b0dc-31cf45be680b
[17:33:30] [Server thread/INFO]: MrGameBlaze[/127.129.209.248:51181] logged in with entity id 48748 at (-1406.300000011921, 63.0, 2185.699999988079)
[17:33:30] [Server thread/INFO]: MrGameBlaze joined the game
[17:33:31] [Server thread/INFO]: [voicechat] Received secret request of MrGameBlaze (20)
[17:33:31] [Server thread/INFO]: [voicechat] Sent secret to MrGameBlaze
[17:33:31] [Server thread/WARN]: Player MrGameBlaze joined with another carpet version: 1.4.194+v251223
[18:36:26] [Server thread/INFO]: Steve[local] logged in with entity id 58018 at (278.5191681814668, 89.0, 1213.580501793676)
[18:36:26] [Server thread/INFO]: Steve joined the game
[18:36:29] [Server thread/INFO]: Steve has made the advancement [Sweet Dreams]
[18:36:41] [Server thread/INFO]: Steve lost connection: Killed
[18:36:41] [Server thread/INFO]: Steve left the game
[18:36:41] [Server thread/INFO]: [voicechat] Disconnecting client Steve
[18:37:47] [Server thread/WARN]: Can't keep up! Is the server overloaded? Running 2908ms or 58 ticks behind
[18:45:27] [Server thread/INFO]: Rusbik[local] logged in with entity id 60972 at (-1407.6527929864944, 71.0, 2184.699999988079)
[18:45:27] [Server thread/INFO]: Rusbik joined the game
[18:46:27] [Server thread/INFO]: Rusbik was slain by MrGameBlaze using [_* Jörmundgander *_]
[18:46:27] [Server thread/INFO]: Rusbik lost connection: Rusbik died
[18:46:27] [Server thread/INFO]: Rusbik left the game
[18:46:27] [Server thread/INFO]: [voicechat] Disconnecting client Rusbik
[18:46:47] [Server thread/INFO]: Rusbik[local] logged in with entity id 61373 at (-1409.070147277711, 71.0, 2178.6774038985686)
[18:46:47] [Server thread/INFO]: Rusbik joined the game
[18:47:19] [Server thread/INFO]: Rusbik lost connection: Killed
[18:47:19] [Server thread/INFO]: Rusbik left the game
[18:47:19] [Server thread/INFO]: [voicechat] Disconnecting client Rusbik
[18:53:36] [Server thread/INFO]: [MrGameBlaze: Killed 41 entities]
